Traceback (most recent call last):
  File "D:\Unity\Projects\GattoNeroPhotoshop\test_basic.py", line 174, in <module>
    main()
    ~~~~^^
  File "D:\Unity\Projects\GattoNeroPhotoshop\test_basic.py", line 111, in main
    print("\U0001f680 POZIOM 1: Test Podstawowych Metod Color Matching")
    ~~~~~^^^^^^^^^^^^^^^^^^^^^^^^^^^^^^^^^^^^^^^^^^^^^^^^^^^^^^^
  File "C:\Python313\Lib\encodings\cp1250.py", line 19, in encode
    return codecs.charmap_encode(input,self.errors,encoding_table)[0]
           ~~~~~~~~~~~~~~~~~~~~~^^^^^^^^^^^^^^^^^^^^^^^^^^^^^^^^^^
UnicodeEncodeError: 'charmap' codec can't encode character '\U0001f680' in position 0: character maps to <undefined>
